..ssss.....................                                              [100%]
=============================== warnings summary ===============================
bridge/command_agent.py:114
bridge/command_agent.py:114
  /home/ubuntu/dt4n-core/bridge/command_agent.py:114: DeprecationWarning: datetime.datetime.utcnow() is deprecated and scheduled for removal in a future version. Use timezone-aware objects to represent datetimes in UTC: datetime.datetime.now(datetime.UTC).
    'ts': datetime.datetime.utcnow().isoformat() + 'Z',

-- Docs: https://docs.pytest.org/en/stable/how-to/capture-warnings.html
=========================== short test summary info ============================
SKIPPED [1] test/test_command_security.py:83: requires live Ditto + Mininet + Command Agent; set DT4N_LIVE_COMMAND_TESTS=1
SKIPPED [1] test/test_command_security.py:93: requires live Ditto + Mininet + Command Agent; set DT4N_LIVE_COMMAND_TESTS=1
SKIPPED [1] test/test_command_security.py:104: requires live Ditto + Mininet + Command Agent; set DT4N_LIVE_COMMAND_TESTS=1
SKIPPED [1] test/test_command_security.py:114: requires live Ditto + Mininet + Command Agent; set DT4N_LIVE_COMMAND_TESTS=1
23 passed, 4 skipped, 2 warnings in 12.12s
